Lib/AI_Runtime/Npu/ll_aton/ll_aton_caches_interface.h:159:22:LL_ATON_Cache_NPU_Clean_Invalidate_Range	16	static
Model/yolo_detector.c:1780:13:_ec_blob_cache_start_func_410	8	static
Model/yolo_detector.c:1653:13:_ec_blob_cache_start_func_404	0	static
Model/yolo_detector.c:1550:13:_ec_blob_cache_start_func_402	0	static
Model/yolo_detector.c:1467:13:_ec_blob_cache_start_func_400	0	static
Model/yolo_detector.c:1340:13:_ec_blob_cache_start_func_396	0	static
Model/yolo_detector.c:1201:13:_ec_blob_cache_start_func_363	0	static
Model/yolo_detector.c:1062:13:_ec_blob_cache_start_func_339	0	static
Model/yolo_detector.c:917:13:_ec_blob_cache_start_func_329	8	static
Model/yolo_detector.c:772:13:_ec_blob_cache_start_func_283	8	static
Model/yolo_detector.c:633:13:_ec_blob_cache_start_func_238	0	static
Model/yolo_detector.c:392:13:_ec_blob_cache_start_func_206	8	static
Model/yolo_detector.c:139:13:_ec_blob_cache_start_func_1	8	static
Model/yolo_detector.c:1800:13:LL_ATON_End_EpochBlock_413	24	static
Model/yolo_detector.c:1215:13:LL_ATON_End_EpochBlock_395	24	static
Model/yolo_detector.c:1076:13:LL_ATON_End_EpochBlock_362	24	static
Model/yolo_detector.c:937:13:LL_ATON_End_EpochBlock_338	24	static
Model/yolo_detector.c:792:13:LL_ATON_End_EpochBlock_328	24	static
Model/yolo_detector.c:647:13:LL_ATON_End_EpochBlock_282	24	static
Model/yolo_detector.c:508:13:LL_ATON_End_EpochBlock_237	24	static
Model/yolo_detector.c:267:13:LL_ATON_End_EpochBlock_205	24	static
Model/yolo_detector.c:1723:13:LL_ATON_End_EpochBlock_409	40	static
Model/yolo_detector.c:1667:13:LL_ATON_End_EpochBlock_408	40	static
Model/yolo_detector.c:1410:13:LL_ATON_End_EpochBlock_399	40	static
Model/yolo_detector.c:1354:13:LL_ATON_End_EpochBlock_398	40	static
Model/yolo_detector.c:1564:13:LL_ATON_End_EpochBlock_403	344	static
Model/yolo_detector.c:1481:13:LL_ATON_End_EpochBlock_401	32	static
Model/yolo_detector.c:412:13:LL_ATON_End_EpochBlock_236	32	static
Model/yolo_detector.c:171:13:LL_ATON_End_EpochBlock_204	32	static
Model/yolo_detector.c:1951:13:_ec_blob_cache_start_func_414	0	static
Model/yolo_detector.c:82:26:LL_ATON_Set_User_Input_Buffer_yolo_detector	0	static
Model/yolo_detector.c:97:7:LL_ATON_Get_User_Input_Buffer_yolo_detector	0	static
Model/yolo_detector.c:107:26:LL_ATON_Set_User_Output_Buffer_yolo_detector	0	static
Model/yolo_detector.c:122:7:LL_ATON_Get_User_Output_Buffer_yolo_detector	0	static
Model/yolo_detector_ecblobs.h:17026:6:LL_ATON_EC_Network_Init_yolo_detector	16	static
Model/yolo_detector_ecblobs.h:17063:6:LL_ATON_EC_Inference_Init_yolo_detector	16	static
Model/yolo_detector.c:1965:31:LL_ATON_EpochBlockItems_yolo_detector	0	static
Model/yolo_detector.c:2344:30:LL_ATON_Input_Buffers_Info_yolo_detector	0	static
Model/yolo_detector.c:4336:30:LL_ATON_Output_Buffers_Info_yolo_detector	0	static
Model/yolo_detector.c:4375:30:LL_ATON_Internal_Buffers_Info_yolo_detector	0	static
