Model/yolo_detector.c:1923:13:_ec_blob_cache_start_func_414	0	static
Model/yolo_detector.c:1758:13:_ec_blob_cache_start_func_410	0	static
Model/yolo_detector.c:1631:13:_ec_blob_cache_start_func_404	0	static
Model/yolo_detector.c:1528:13:_ec_blob_cache_start_func_402	0	static
Model/yolo_detector.c:1445:13:_ec_blob_cache_start_func_400	0	static
Model/yolo_detector.c:1318:13:_ec_blob_cache_start_func_396	0	static
Model/yolo_detector.c:1179:13:_ec_blob_cache_start_func_363	0	static
Model/yolo_detector.c:1040:13:_ec_blob_cache_start_func_339	0	static
Model/yolo_detector.c:895:13:_ec_blob_cache_start_func_329	8	static
Model/yolo_detector.c:750:13:_ec_blob_cache_start_func_283	8	static
Model/yolo_detector.c:611:13:_ec_blob_cache_start_func_238	0	static
Model/yolo_detector.c:370:13:_ec_blob_cache_start_func_206	8	static
Model/yolo_detector.c:117:13:_ec_blob_cache_start_func_1	8	static
Model/yolo_detector.c:1772:13:LL_ATON_End_EpochBlock_413	24	static
Model/yolo_detector.c:1193:13:LL_ATON_End_EpochBlock_395	24	static
Model/yolo_detector.c:1054:13:LL_ATON_End_EpochBlock_362	24	static
Model/yolo_detector.c:915:13:LL_ATON_End_EpochBlock_338	24	static
Model/yolo_detector.c:770:13:LL_ATON_End_EpochBlock_328	24	static
Model/yolo_detector.c:625:13:LL_ATON_End_EpochBlock_282	24	static
Model/yolo_detector.c:486:13:LL_ATON_End_EpochBlock_237	24	static
Model/yolo_detector.c:245:13:LL_ATON_End_EpochBlock_205	24	static
Model/yolo_detector.c:1701:13:LL_ATON_End_EpochBlock_409	40	static
Model/yolo_detector.c:1645:13:LL_ATON_End_EpochBlock_408	40	static
Model/yolo_detector.c:1388:13:LL_ATON_End_EpochBlock_399	40	static
Model/yolo_detector.c:1332:13:LL_ATON_End_EpochBlock_398	40	static
Model/yolo_detector.c:1542:13:LL_ATON_End_EpochBlock_403	344	static
Model/yolo_detector.c:1459:13:LL_ATON_End_EpochBlock_401	32	static
Model/yolo_detector.c:390:13:LL_ATON_End_EpochBlock_236	32	static
Model/yolo_detector.c:149:13:LL_ATON_End_EpochBlock_204	32	static
Model/yolo_detector.c:82:26:LL_ATON_Set_User_Input_Buffer_yolo_detector	0	static
Model/yolo_detector.c:89:7:LL_ATON_Get_User_Input_Buffer_yolo_detector	0	static
Model/yolo_detector.c:96:26:LL_ATON_Set_User_Output_Buffer_yolo_detector	0	static
Model/yolo_detector.c:103:7:LL_ATON_Get_User_Output_Buffer_yolo_detector	0	static
Model/yolo_detector_ecblobs.h:17075:6:LL_ATON_EC_Network_Init_yolo_detector	0	static
Model/yolo_detector_ecblobs.h:17081:6:LL_ATON_EC_Inference_Init_yolo_detector	0	static
Model/yolo_detector.c:1937:31:LL_ATON_EpochBlockItems_yolo_detector	0	static
Model/yolo_detector.c:2316:30:LL_ATON_Input_Buffers_Info_yolo_detector	0	static
Model/yolo_detector.c:4308:30:LL_ATON_Output_Buffers_Info_yolo_detector	0	static
Model/yolo_detector.c:4347:30:LL_ATON_Internal_Buffers_Info_yolo_detector	0	static
