Lib/AI_Runtime/Npu/ll_aton/ll_aton_NN_interface.h:579:32:LL_Buffer_addr_start	0	static
Src/app.c:353:13:copy_pd_box	12	static
Src/app.c:563:12:clamp_point	8	static
Src/app.c:695:13:decode_ld_landmark	72	static
Src/app.c:1296:13:isp_thread_fct	8	static
Src/app.c:1244:13:on_pd_toggle_button_click	8	static
Src/app.c:1232:13:on_ld_toggle_button_click	8	static
Src/app.c:379:13:button_process	16	static
Src/app.c:366:13:button_init.part.0	8	static
Src/app.c:705:13:display_ld_hand	304	static
Src/app.c:314:13:roi_shift_and_scale.constprop	56	static
Src/app.c:1115:13:nn_thread_fct	584	static
Src/app.c:737:6:display_hand	128	static
Src/app.c:1256:13:dp_thread_fct	352	static
Src/app.c:1349:6:app_run	104	static
Src/app.c:1400:5:CMW_CAMERA_PIPE_FrameEventCallback	40	static
Src/app.c:1410:5:CMW_CAMERA_PIPE_VsyncEventCallback	16	static
