Lib/AI_Runtime/Npu/ll_aton/ll_aton_NN_interface.h:489:32:LL_Buffer_addr_start	0	static
Src/app.c:750:12:clamp_point	8	static
Src/app.c:1790:13:isp_thread_fct	8	static
Src/app.c:1728:13:on_pd_toggle_button_click	8	static
Src/app.c:1713:13:on_ld_toggle_button_click	8	static
Src/app.c:505:13:button_process	16	static
Src/app.c:488:13:button_init.part.0	8	static
Src/app.c:925:13:display_ld_hand	344	static
Src/app.c:1563:13:nn_thread_fct	104	static
Src/app.c:961:6:display_hand	128	static
Src/app.c:1745:13:dp_thread_fct	4680	static
Src/app.c:1849:6:app_run	104	static
Src/app.c:1905:5:CMW_CAMERA_PIPE_FrameEventCallback	40	static
Src/app.c:1918:5:CMW_CAMERA_PIPE_VsyncEventCallback	16	static
